11:18:31 **** Build of configuration Debug for project Lab2B_app ****
make all 
'Building file: ../src/fonts.c'
'Invoking: MicroBlaze gcc compiler'
mb-gcc -Wall -O0 -g3 -c -fmessage-length=0 -MT"src/fonts.o" -IC:/Users/Michael/workspace4/lab2B/export/lab2B/sw/lab2B/standalone_domain/bspinclude/include -mlittle-endian -mxl-barrel-shift -mcpu=v11.0 -mno-xl-soft-mul -Wl,--no-relax -ffunction-sections -fdata-sections -MMD -MP -MF"src/fonts.d" -MT"src/fonts.o" -o "src/fonts.o" "../src/fonts.c"
'Finished building: ../src/fonts.c'
' '
'Building file: ../src/lcd.c'
'Invoking: MicroBlaze gcc compiler'
mb-gcc -Wall -O0 -g3 -c -fmessage-length=0 -MT"src/lcd.o" -IC:/Users/Michael/workspace4/lab2B/export/lab2B/sw/lab2B/standalone_domain/bspinclude/include -mlittle-endian -mxl-barrel-shift -mcpu=v11.0 -mno-xl-soft-mul -Wl,--no-relax -ffunction-sections -fdata-sections -MMD -MP -MF"src/lcd.d" -MT"src/lcd.o" -o "src/lcd.o" "../src/lcd.c"
'Finished building: ../src/lcd.c'
' '
'Building file: ../src/touch.c'
'Invoking: MicroBlaze gcc compiler'
mb-gcc -Wall -O0 -g3 -c -fmessage-length=0 -MT"src/touch.o" -IC:/Users/Michael/workspace4/lab2B/export/lab2B/sw/lab2B/standalone_domain/bspinclude/include -mlittle-endian -mxl-barrel-shift -mcpu=v11.0 -mno-xl-soft-mul -Wl,--no-relax -ffunction-sections -fdata-sections -MMD -MP -MF"src/touch.d" -MT"src/touch.o" -o "src/touch.o" "../src/touch.c"
In file included from C:/Users/Michael/workspace4/lab2B/export/lab2B/sw/lab2B/standalone_domain/bspinclude/include/xintc.h:220,
                 from ../src/touch.c:4:
../src/touch.c: In function 'configSpi':
C:/Users/Michael/workspace4/lab2B/export/lab2B/sw/lab2B/standalone_domain/bspinclude/include/xstatus.h:43:41: warning: 'return' with a value, in function returning void [-Wreturn-type]
   43 | #define XST_FAILURE                     1L
      |                                         ^~
../src/touch.c:203:24: note: in expansion of macro 'XST_FAILURE'
  203 |                 return XST_FAILURE;
      |                        ^~~~~~~~~~~
../src/touch.c:193:6: note: declared here
  193 | void configSpi(){
      |      ^~~~~~~~~
'Finished building: ../src/touch.c'
' '
'Building target: Lab2B_app.elf'
'Invoking: MicroBlaze gcc linker'
mb-gcc -Wl,-T -Wl,../src/lscript.ld -LC:/Users/Michael/workspace4/lab2B/export/lab2B/sw/lab2B/standalone_domain/bsplib/lib -mlittle-endian -mxl-barrel-shift -mcpu=v11.0 -mno-xl-soft-mul -Wl,--no-relax -Wl,--gc-sections -o "Lab2B_app.elf"  ./src/fonts.o ./src/lcd.o ./src/touch.o   -Wl,--start-group,-lxil,-lgcc,-lc,--end-group
'Finished building target: Lab2B_app.elf'
' '
'Invoking: MicroBlaze Print Size'
mb-size Lab2B_app.elf  |tee "Lab2B_app.elf.size"
   text	   data	    bss	    dec	    hex	filename
  94048	   6080	   8424	 108552	  1a808	Lab2B_app.elf
'Finished building: Lab2B_app.elf.size'
' '

11:18:32 Build Finished (took 937ms)

